// Jest Snapshot v1, https://goo.gl/fbAQLP

exports[`extracts nothing if the module has no exports 1`] = `Array []`;

exports[`extracts nothing if the module is empty 1`] = `Array []`;
